
  ___  ____  ____  ____  ____ ®
 /__    /   ____/   /   ____/      StataNow 19.5
___/   /   /___/   /   /___/       MP—Parallel Edition

 Statistics and Data Science       Copyright 1985-2025 StataCorp LLC
                                   StataCorp
                                   4905 Lakeway Drive
                                   College Station, Texas 77845 USA
                                   800-782-8272        https://www.stata.com
                                   979-696-4600        service@stata.com

Stata license: 4-user 4-core network, expiring  6 May 2027
Serial number: 501909369296
  Licensed to: Eric Booth
               TX2036

Notes:
      1. Stata is running in batch mode.
      2. Unicode is supported; see help unicode_advice.
      3. More than 2 billion observations are allowed; see help obs_advice.
      4. Maximum number of variables is set to 5,000 but can be increased;
          see help set_maxvar.


Running /Users/ebooth/Documents/Stata/profile.do ...
/Users/ebooth/.config/stata-googlesheets/client_secret_168706661500-h518nlu65no
> jbc4bprhn896kunie8r44.apps.googleusercontent.com.json
1

. do ch10_googlechart.do 

. *============================================================================
> ==*
. * ch10_googlechart.do  --  Chapter 10: building interactive charts & infograp
> hics
. *----------------------------------------------------------------------------
> --*
. * Six worked googlechart examples on County Health Rankings & Roadmaps (CHR&R
> )
. * 2025 state data. Each command writes ONE self-contained interactive HTML fi
> le
. * into `OUT'. The four figures printed in the chapter (geo, bubble, table,
. * divbar) are pre-rendered PNGs of these exact commands.
. *
. * WHY THIS RUNS WITH NO KEY AND NO NETWORK:
. *   googlechart does not call any web service while Stata runs. It only write
> s
. *   text (HTML + JSON + an inlined JavaScript engine) to a file with -file
. *   write-. The Google Charts drawing code is fetched by the *browser* when t
> he
. *   page is opened, not by Stata when the page is built. So this whole do-fil
> e
. *   builds offline: no API key, no credentials, no network at run time. (A
. *   viewer does need internet to open the pages, because they load Google's
. *   chart library from https://www.gstatic.com at view time.)
. *
. * SUITE CONTEXT (see the book's suite matrix, Chapter 10 section 10.1):
. *   googlechart is the ONLINE chart layer. Its offline sibling is sparkta2
. *   (D3, sub-state maps). Data comes in via webapi (Ch.3) or googlesheets
. *   (Ch.11); the finished charts get wrapped into one report or portal by
. *   statashiny / webdoc2 (Ch.12).
. *
. * PREREQUISITE (once):
. *   net install googlechart, ///
> *     from("https://raw.githubusercontent.com/ericabooth/googlechart-stata-pu
> blic/master/") replace
. *
. * DATA: two tidied CHR extracts ship in ./data next to this file.
. *   chr_states_2025.csv   51 rows (50 states + DC), one row per state, 2025.
. *   chr_states_panel.csv  510 rows, 51 states x 10 years (2016-2025), for the
. *                         animated bubble. 2024-2025 are the real CHR release
> s;
. *                         2016-2023 are simulated to give the Play control fr
> ames.
. *============================================================================
> ==*
. 
. version 17.0

. clear all

. set more off

. 
. *--- Paths ------------------------------------------------------------------
> --*
. * DATA points at the ./data folder shipped with this do-file. OUT is where th
> e
. * HTML files land. Edit these two lines if you move the file.
. local HERE "`c(pwd)'"

. local DATA "`HERE'/data"

. local OUT  "`HERE'/googlechart_charts"

. capture mkdir "`OUT'"

. 
. * Reproducible alternative to the shipped extract: CHR posts the analytic fil
> e
. * at a stable per-year URL, and -import delimited- reads a URL directly. Keep
. * the state-summary rows (5-digit FIPS ending in 000), then rename to match.
. *   import delimited using ///
> *     "https://www.countyhealthrankings.org/sites/default/files/media/documen
> t/analytic_data2025_v3.csv", ///
> *     varnames(1) clear
. 
. 
. *============================================================================
> ==*
. * 1. GEO -- US state choropleth of the uninsured rate
. *----------------------------------------------------------------------------
> --*
. * The type() that answers "show me my states on a map". name() names the colu
> mn
. * holding the geographic key; for US states googlechart wants a "US-XX" code
. * (here geo_code, e.g. US-TX), set by georegion("US") georesolution("us-state
> s").
. * NOTE: geo caps at US-state / country level. For TX county or school-distric
> t
. * choropleths use the offline sibling sparkta2 instead. FIGURE: ch10_gc_geo.p
> ng
. *============================================================================
> ==*
. import delimited using "`DATA'/chr_states_2025.csv", varnames(1) clear
(encoding automatically selected: ISO-8859-1)
(11 vars, 51 obs)

. 
. googlechart uninsured, name(geo_code) type(geo)              ///
>     georegion("US") georesolution("us-states")              ///
>     tx2036style scheme(blues)                               ///
>     download datatable downloadpos(below)                   ///
>     title("Uninsured rate by state, 2025")                  ///
>     note("Source: County Health Rankings & Roadmaps 2025.") ///
>     width(960) height(560) noopen                           ///
>     export("`OUT'/01_geo_uninsured.html")
googlechart: type(geo) supports country and US-state level only.
  For Texas county or school-district choropleth, use sparkta2 instead.
(file /var/folders/m5/kjpsn7r16wv1n3ndj6xvb70m0000gn/T//St51918.000001 not
    found)
(file /var/folders/m5/kjpsn7r16wv1n3ndj6xvb70m0000gn/T//St51918.000002 not
    found)
(file /var/folders/m5/kjpsn7r16wv1n3ndj6xvb70m0000gn/T//St51918.000003 not
    found)
(file /Users/ebooth/Documents/GitHub/Book Manuscript:Applied
    Evaluation-Stata/code/googlechart_charts/01_geo_uninsured.html not found)




[googlechart v0.1.3]  geo written:
  /Users/ebooth/Documents/GitHub/Book Manuscript:Applied Evaluation-Stata/code/
> googlechart_charts/01_geo_uninsured.html
  Rows: 51  Scheme: blues

. 
. 
. *============================================================================
> ==*
. * 2. BAR -- the 15 highest-uninsured states, labels drawn on the bars
. *----------------------------------------------------------------------------
> --*
. * -bar- is the horizontal bar; -column- is vertical. directlabels prints each
. * value on its bar. We do NOT add -animate- here: the annotation column that
. * directlabels needs is incompatible with the startup animation, and googlech
> art
. * would drop animate with a note anyway. preserve/restore so the sort is loca
> l.
. *============================================================================
> ==*
. preserve

.     gsort -uninsured

.     keep in 1/15
(36 observations deleted)

.     googlechart uninsured, name(usps) type(bar)             ///
>         directlabels tx2036style                           ///
>         download datatable downloadpos(below)              ///
>         title("Fifteen states with the highest uninsured rate (2025)") ///
>         xlabel("Uninsured (%)")                            ///
>         width(900) height(560) noopen                      ///
>         export("`OUT'/02_bar_uninsured.html")
(file /var/folders/m5/kjpsn7r16wv1n3ndj6xvb70m0000gn/T//St51918.000002 not
    found)
(file /var/folders/m5/kjpsn7r16wv1n3ndj6xvb70m0000gn/T//St51918.000003 not
    found)
(file /var/folders/m5/kjpsn7r16wv1n3ndj6xvb70m0000gn/T//St51918.000004 not
    found)
(file /Users/ebooth/Documents/GitHub/Book Manuscript:Applied
    Evaluation-Stata/code/googlechart_charts/02_bar_uninsured.html not found)




[googlechart v0.1.3]  bar written:
  /Users/ebooth/Documents/GitHub/Book Manuscript:Applied Evaluation-Stata/code/
> googlechart_charts/02_bar_uninsured.html
  Rows: 15  Scheme: tx2036

. restore

. 
. 
. *============================================================================
> ==*
. * 3. SCATTER -- median income vs premature death, extra columns in the toolti
> p
. *----------------------------------------------------------------------------
> --*
. * scatter/bubble take TWO numeric vars (x then y). tooltipvars() adds columns
>  to
. * the hover card and the downloadable data table without plotting them. anima
> te
. * is fine here (no directlabels). FIGURE: not printed; built for the portal.
. *============================================================================
> ==*
. import delimited using "`DATA'/chr_states_2025.csv", varnames(1) clear
(encoding automatically selected: ISO-8859-1)
(11 vars, 51 obs)

. 
. googlechart median_income premature_death, name(state) type(scatter) ///
>     tooltipvars(uninsured child_poverty)                   ///
>     tx2036style download datatable downloadpos(below) animate ///
>     title("Median income vs premature death (states, 2025)") ///
>     xlabel("Median household income (USD)")                ///
>     ylabel("Premature death (YPLL per 100,000)")           ///
>     width(920) height(560) noopen                          ///
>     export("`OUT'/03_scatter_income_ypll.html")
(file /var/folders/m5/kjpsn7r16wv1n3ndj6xvb70m0000gn/T//St51918.000002 not
    found)
(file /var/folders/m5/kjpsn7r16wv1n3ndj6xvb70m0000gn/T//St51918.000003 not
    found)
(file /var/folders/m5/kjpsn7r16wv1n3ndj6xvb70m0000gn/T//St51918.000004 not
    found)
(file /Users/ebooth/Documents/GitHub/Book Manuscript:Applied
    Evaluation-Stata/code/googlechart_charts/03_scatter_income_ypll.html not
    found)




[googlechart v0.1.3]  scatter written:
  /Users/ebooth/Documents/GitHub/Book Manuscript:Applied Evaluation-Stata/code/
> googlechart_charts/03_scatter_income_ypll.html
  Rows: 51  Scheme: tx2036

. 
. 
. *============================================================================
> ==*
. * 4. BUBBLE -- animated across the 2016->2025 panel (Play button via time(yea
> r))
. *----------------------------------------------------------------------------
> --*
. * time(year) adds a Play button and a year slider. It REQUIRES a panel: one r
> ow
. * per entity (usps) per time value (year), or nothing animates. over() colors
. * the bubbles by a group; sizevar() sizes them. FIGURE: ch10_gc_bubble.png
. *============================================================================
> ==*
. import delimited using "`DATA'/chr_states_panel.csv", varnames(1) clear
(encoding automatically selected: ISO-8859-1)
(9 vars, 510 obs)

. 
. gen byte highunins = uninsured >= 10

. label define hu 0 "Uninsured < 10%" 1 "Uninsured >= 10%"

. label values highunins hu

. label variable child_poverty   "Children in poverty (%)"

. label variable premature_death "Premature death (YPLL/100k)"

. 
. googlechart child_poverty premature_death, name(usps) over(highunins) ///
>     sizevar(pct_rural) time(year) type(bubble)             ///
>     tooltipvars(uninsured)                                 ///
>     tx2036style download datatable downloadpos(below)      ///
>     title("Child poverty vs premature death (press Play: 2016 to 2025)") ///
>     note("2024-2025 actual CHR releases; 2016-2023 simulated to demo Play.") 
> ///
>     xlabel("Children in poverty (%)")                      ///
>     ylabel("Premature death (YPLL per 100,000)")           ///
>     width(920) height(560) noopen                          ///
>     export("`OUT'/04_bubble.html")
(file /var/folders/m5/kjpsn7r16wv1n3ndj6xvb70m0000gn/T//St51918.000002 not
    found)
(file /var/folders/m5/kjpsn7r16wv1n3ndj6xvb70m0000gn/T//St51918.000003 not
    found)
(file /var/folders/m5/kjpsn7r16wv1n3ndj6xvb70m0000gn/T//St51918.000004 not
    found)
(file /Users/ebooth/Documents/GitHub/Book Manuscript:Applied
    Evaluation-Stata/code/googlechart_charts/04_bubble.html not found)




[googlechart v0.1.3]  bubble written:
  /Users/ebooth/Documents/GitHub/Book Manuscript:Applied Evaluation-Stata/code/
> googlechart_charts/04_bubble.html
  Rows: 510  Scheme: tx2036

. 
. 
. *============================================================================
> ==*
. * 5. TABLE -- searchable, sticky-header table of every state measure
. *----------------------------------------------------------------------------
> --*
. * type(table) usually takes NO varlist: the columns come from tooltipvars().
. * tablesearch adds the search box; tableheadersticky freezes the header row o
> n
. * scroll. The reader types their state and finds their own row. FIGURE:
. * ch10_gc_table.png
. *============================================================================
> ==*
. import delimited using "`DATA'/chr_states_2025.csv", varnames(1) clear
(encoding automatically selected: ISO-8859-1)
(11 vars, 51 obs)

. 
. googlechart, type(table)                                   ///
>     tooltipvars(state uninsured median_income              ///
>                 premature_death obesity child_poverty      ///
>                 unemployment pct_rural)                    ///
>     tablesearch tableheadersticky                          ///
>     tx2036style download datatable downloadpos(below)      ///
>     title("2025 County Health Rankings: state measures (searchable)") ///
>     width(980) height(460) noopen                          ///
>     export("`OUT'/05_table.html")
(file /var/folders/m5/kjpsn7r16wv1n3ndj6xvb70m0000gn/T//St51918.000002 not
    found)
(file /var/folders/m5/kjpsn7r16wv1n3ndj6xvb70m0000gn/T//St51918.000003 not
    found)
(file /var/folders/m5/kjpsn7r16wv1n3ndj6xvb70m0000gn/T//St51918.000004 not
    found)
(file /Users/ebooth/Documents/GitHub/Book Manuscript:Applied
    Evaluation-Stata/code/googlechart_charts/05_table.html not found)




[googlechart v0.1.3]  table written:
  /Users/ebooth/Documents/GitHub/Book Manuscript:Applied Evaluation-Stata/code/
> googlechart_charts/05_table.html
  Rows: 51  Scheme: tx2036

. 
. 
. *============================================================================
> ==*
. * 6. DIVBAR -- Pew-style diverging stacked bar (illustrative Likert data)
. *----------------------------------------------------------------------------
> --*
. * divbar needs name() (the item) + level() (the Likert response). levelorder(
> )
. * fixes the stack order; centerlevel() centers a neutral level on zero and
. * sign-flips the disagree side to the left. Data here is synthetic, for shape
> .
. * FIGURE: ch10_gc_divbar.png
. *============================================================================
> ==*
. preserve

. clear

. input str90 q str18 response byte share

                                                                               
>                q            response     share
  1. "Texas is on the right track investing in K-12 education" "Strongly disagr
> ee" 18
  2. "Texas is on the right track investing in K-12 education" "Disagree"      
>     20
  3. "Texas is on the right track investing in K-12 education" "Neutral"       
>     14
  4. "Texas is on the right track investing in K-12 education" "Agree"         
>     34
  5. "Texas is on the right track investing in K-12 education" "Strongly agree"
>     14
  6. "Higher education is affordable for most Texas families"  "Strongly disagr
> ee" 33
  7. "Higher education is affordable for most Texas families"  "Disagree"      
>     31
  8. "Higher education is affordable for most Texas families"  "Neutral"       
>     16
  9. "Higher education is affordable for most Texas families"  "Agree"         
>     15
 10. "Higher education is affordable for most Texas families"  "Strongly agree"
>      5
 11. "Texas is prepared for its 20-year water-supply needs"    "Strongly disagr
> ee" 22
 12. "Texas is prepared for its 20-year water-supply needs"    "Disagree"      
>     26
 13. "Texas is prepared for its 20-year water-supply needs"    "Neutral"       
>     20
 14. "Texas is prepared for its 20-year water-supply needs"    "Agree"         
>     26
 15. "Texas is prepared for its 20-year water-supply needs"    "Strongly agree"
>      6
 16. end

. 
. googlechart share, name(q) level(response) type(divbar)    ///
>     levelorder("Strongly disagree|Disagree|Neutral|Agree|Strongly agree") ///
>     centerlevel(Neutral)                                   ///
>     tx2036style download datatable downloadpos(below)      ///
>     title("Texans on state policy (illustrative survey data)") ///
>     subtitle("Diverging stacked bar; neutral centered on zero") ///
>     width(1040) height(420) noopen                         ///
>     export("`OUT'/06_divbar.html")
(file /var/folders/m5/kjpsn7r16wv1n3ndj6xvb70m0000gn/T//St51918.000003 not
    found)
(file /var/folders/m5/kjpsn7r16wv1n3ndj6xvb70m0000gn/T//St51918.000004 not
    found)
(file /var/folders/m5/kjpsn7r16wv1n3ndj6xvb70m0000gn/T//St51918.000005 not
    found)
(file /Users/ebooth/Documents/GitHub/Book Manuscript:Applied
    Evaluation-Stata/code/googlechart_charts/06_divbar.html not found)




[googlechart v0.1.3]  divbar written:
  /Users/ebooth/Documents/GitHub/Book Manuscript:Applied Evaluation-Stata/code/
> googlechart_charts/06_divbar.html
  Rows: 15  Scheme: tx2036

. restore

. 
. 
. *============================================================================
> ==*
. * 7. Confirm the six HTML files landed
. *----------------------------------------------------------------------------
> --*
. foreach f in 01_geo_uninsured 02_bar_uninsured 03_scatter_income_ypll ///
>              04_bubble 05_table 06_divbar {
  2.     capture confirm file "`OUT'/`f'.html"
  3.     if _rc di as error "MISSING: `f'.html"
  4.     else   di as text  "OK: `f'.html"
  5. }
OK: 01_geo_uninsured.html
OK: 02_bar_uninsured.html
OK: 03_scatter_income_ypll.html
OK: 04_bubble.html
OK: 05_table.html
OK: 06_divbar.html

. di "DONE"
DONE

. 
. *----------------------------------------------------------------------------
> --*
. * WHERE THESE GO NEXT (the suite pipeline):
. *   - Ch.11 (googlesheets): pull the CHR feed live from a shared Google Sheet
. *     instead of the shipped CSV, or push the ranked table back to a sheet.
. *   - Ch.12 (statashiny / webdoc2): wrap these six HTML files into ONE offlin
> e
. *     report or GitHub-Pages portal with wdiframe / an iframe, so a reader
. *     clicks between the geo map, the bubble, and the searchable table in a
. *     single branded page.
. *============================================================================
> ==*
. 
end of do-file
