
  ___  ____  ____  ____  ____ ®
 /__    /   ____/   /   ____/      StataNow 19.5
___/   /   /___/   /   /___/       MP—Parallel Edition

 Statistics and Data Science       Copyright 1985-2025 StataCorp LLC
                                   StataCorp
                                   4905 Lakeway Drive
                                   College Station, Texas 77845 USA
                                   800-782-8272        https://www.stata.com
                                   979-696-4600        service@stata.com

Stata license: 4-user 4-core network, expiring  6 May 2027
Serial number: 501909369296
  Licensed to: Eric Booth
               Texas 2036

Notes:
      1. Stata is running in batch mode.
      2. Unicode is supported; see help unicode_advice.
      3. More than 2 billion observations are allowed; see help obs_advice.
      4. Maximum number of variables is set to 5,000 but can be increased;
          see help set_maxvar.


Running /Users/ericbooth/Documents/Stata/ado/personal/profile.do ...
-------------------------------------------------------------------------------
  [1]  (BASE)      "/Applications/StataNow/ado/base/"
  [2]  (SITE)      "/Users/ericbooth/Library/CloudStorage/GoogleDrive-eric.boot
> h@texas2036.org/Shared drives/Data and Research Team//_codeshare/"
  [3]              "."
  [4]  (PERSONAL)  "/Users/ericbooth/Documents/Stata/ado/personal/"
  [5]  (PLUS)      "/Users/ericbooth/Library/Application Support/Stata/ado/plus
> /"
  [6]  (OLDPLACE)  "~/ado/"
 [view] [edit] [do]  00_control.do 
 [view] [edit] [do]  01_install.do 
 [view] [edit] [do]  20_ch03_apis.do 
 [view] [edit] [do]  capstone_chr.do 
 [view] [edit] [do]  ch01_reach.do 
 [view] [edit] [do]  ch02_benchmark.do 
 [view] [edit] [do]  ch02_projectbuilder.do 
 [view] [edit] [do]  ch03_educationdata.do 
 [view] [edit] [do]  ch03_webapi.do 
 [view] [edit] [do]  ch04_chr.do 
 [view] [edit] [do]  ch05_datadictionary.do 
 [view] [edit] [do]  ch05_monitoring.do 
 [view] [edit] [do]  ch06_frames.do 
 [view] [edit] [do]  ch06_longitudinal.do 
 [view] [edit] [do]  ch06_reshapehelper.do 
 [view] [edit] [do]  ch07_trust.do 
 [view] [edit] [do]  ch08_did.do 
 [view] [edit] [do]  ch08_oaxaca.do 
 [view] [edit] [do]  ch08_subgroups.do 
 [view] [edit] [do]  ch09_graphs.do 
 [view] [edit] [do]  ch10_googlechart.do 
 [view] [edit] [do]  ch10_smallmult.do 
 [view] [edit] [do]  ch11_googlesheets.do 
 [view] [edit] [do]  ch11_tables.do 
 [view] [edit] [do]  ch12_dashboardbuilder.do 
 [view] [edit] [do]  ch12_portal.do 
 [view] [edit] [do]  ch13_backbone.do 
 [view] [edit] [do]  ch13_injection_gate.do 
 [view] [edit] [do]  ch13_parallel.do 
 [view] [edit] [do]  ch13_validation.do 
 [view] [edit] [do]  ch14_kanon.do 
 [view] [edit] [do]  ch15_bench.do 

Click [here] for other links
-------------------------------------------------------------------------------

. do ch14_kanon.do 

. *============================================================================
> ==*
. * ch14_kanon.do  --  Chapter 14: sharing data and results safely
. * Demonstrates re-identification risk on sysuse nlsw88, treated as an
. * administrative caseload stand-in. Computes k-anonymity over four ordinary
. * quasi-identifiers, shows how coarsening industry raises k, and illustrates
. * primary + complementary small-cell suppression in a two-way table.
. * Also builds the cell-size histogram (ch14_kdist.png).
. *
. * Globals: in the full project $figures comes from code/00_control.do. Define
> d
. * here only if missing so this file also runs standalone.
. *============================================================================
> ==*
. clear all

. set more off

. set seed 20260704   // no simulation here; fixed for reproducibility

. 
. if "$figures" == "" {
.     global root "`c(pwd)'"
.     global figures "$root/figures"
.     capture mkdir "$figures"
. }

. 
. *--- 1. Load the stand-in and count people per quasi-identifier cell --------
> ---*
. sysuse nlsw88, clear
(NLSW, 1988 extract)

. di "N_TOTAL = " _N
N_TOTAL = 2246

. 
. * Four quasi-identifiers any partner file would plausibly carry.
. egen cell = group(race married collgrad industry), missing

. bysort cell: gen k = _N

. label var k "people sharing this quasi-id cell"

. 
. quietly tabulate cell

. di "DISTINCT_CELLS = " r(r)
DISTINCT_CELLS = 103

. 
. *--- 2. The headline count: how many people are one of a kind? --------------
> ---*
. count if k==1
  24

. di "K1_PEOPLE = " r(N)
K1_PEOPLE = 24

. 
. *--- 3. Bin cells by size and count both cells and people -------------------
> ---*
. gen kbin = 1 + (k>1) + (k>4) + (k>10)

. label define kb 1 "k=1 (unique)" 2 "k=2-4" ///
>     3 "k=5-10" 4 "k>10", replace

. label values kbin kb

. 
. di "--- PEOPLE PER BIN ---"
--- PEOPLE PER BIN ---

. tabulate kbin

        kbin |      Freq.     Percent        Cum.
-------------+-----------------------------------
k=1 (unique) |         24        1.07        1.07
       k=2-4 |         63        2.80        3.87
      k=5-10 |         74        3.29        7.17
        k>10 |      2,085       92.83      100.00
-------------+-----------------------------------
       Total |      2,246      100.00

. 
. preserve

.     bysort cell: keep if _n==1
(2,143 observations deleted)

.     di "--- CELLS PER BIN ---"
--- CELLS PER BIN ---

.     tabulate kbin

        kbin |      Freq.     Percent        Cum.
-------------+-----------------------------------
k=1 (unique) |         24       23.30       23.30
       k=2-4 |         25       24.27       47.57
      k=5-10 |         11       10.68       58.25
        k>10 |         43       41.75      100.00
-------------+-----------------------------------
       Total |        103      100.00

. restore

. 
. *--- 4. Coarsen industry to 3 groups, recount k=1 ---------------------------
> --*
. * Goods = Ag/Mining/Construction/Manufacturing; Services = trade through
. * professional; Public = public administration.
. recode industry (1/4=1 "Goods") ///
>     (5/11=2 "Services") (12=3 "Public"), ///
>     gen(ind3)
(2,215 differences between industry and ind3)

. egen cell3 = group(race married collgrad ind3), missing

. bysort cell3: gen k3 = _N

. 
. count if k3==1
  3

. di "K1_PEOPLE_COARSE = " r(N)
K1_PEOPLE_COARSE = 3

. quietly tabulate cell3

. di "DISTINCT_CELLS_COARSE = " r(r)
DISTINCT_CELLS_COARSE = 39

. 
. *--- 5. Two-way table for the suppression example ---------------------------
> --*
. * Restrict to the goods-producing sub-industries, where small cells appear:
. * college graduates in Mining and Construction are the thin cells a public
. * release must suppress. This is the table shown before/after in the text.
. di "--- SUPPRESSION SOURCE TABLE (collgrad x goods industry) ---"
--- SUPPRESSION SOURCE TABLE (collgrad x goods industry) ---

. tabulate collgrad industry if industry<=4

                 |                  Industry
College graduate | Ag/Forest     Mining  Construct  Manufactu |     Total
-----------------+--------------------------------------------+----------
Not college grad |        14          4         26        334 |       378 
    College grad |         3          0          3         33 |        39 
-----------------+--------------------------------------------+----------
           Total |        17          4         29        367 |       417 

. 
. * Demonstrate primary + complementary suppression with a tiny algorithm on th
> e
. * 2x4 goods table. Threshold: blank positive cells < 5 (primary). Then, in an
> y row or
. * column that has exactly one blank against a visible total, blank a second c
> ell
. * (complementary) so the total can no longer be differenced to the hidden val
> ue.
. preserve

.     keep if industry<=4
(1,829 observations deleted)

.     contract collgrad industry, freq(n)

.     fillin collgrad industry

.     replace n = 0 if missing(n)
(1 real change made)

.     gen byte primary = n > 0 & n < 5

.     di "--- PRIMARY BLANKS (0<n<5) ---"
--- PRIMARY BLANKS (0<n<5) ---

.     list collgrad industry n if primary, clean noobs

            collgrad                industry   n  
    Not college grad                  Mining   4  
        College grad   Ag/Forestry/Fisheries   3  
        College grad            Construction   3  

.     * Complementary pass: in any column with exactly one blanked cell, the
.     * visible cell plus the column total reveals the blank, so blank the
.     * smallest still-visible cell in that column too.
.     bysort industry: egen colprim = total(primary)

.     * In a 2-row column with exactly one primary blank, the single remaining
.     * visible cell is recoverable from the column total, so blank it too.
.     gen byte comp = (colprim==1 & !primary)

.     di "--- COMPLEMENTARY BLANKS ---"
--- COMPLEMENTARY BLANKS ---

.     list collgrad industry n if comp, clean noobs

            collgrad                industry    n  
    Not college grad   Ag/Forestry/Fisheries   14  
        College grad                  Mining    0  
    Not college grad            Construction   26  

.     gen byte shown = !(primary | comp)

.     di "--- FINAL SHOWN/BLANK GRID ---"
--- FINAL SHOWN/BLANK GRID ---

.     list industry collgrad n shown, clean noobs sepby(industry)

                 industry           collgrad     n   shown  
    Ag/Forestry/Fisheries   Not college grad    14       0  
    Ag/Forestry/Fisheries       College grad     3       0  
                   Mining       College grad     0       0  
                   Mining   Not college grad     4       0  
             Construction   Not college grad    26       0  
             Construction       College grad     3       0  
            Manufacturing   Not college grad   334       1  
            Manufacturing       College grad    33       1  

. restore

. 
. *--- 6. Figure: distribution of cell sizes (one dot per cell) ---------------
> ---*
. * Plot how many CELLS have each size k. Truncate the long right tail at 30 so
. * the dangerous small-k region is readable; the note states the truncation.
. preserve

.     bysort cell: keep if _n==1        // one row per distinct cell
(2,143 observations deleted)

.     gen kplot = min(k, 30)

.     label define ktop 30 "30+", replace

.     histogram kplot, discrete frequency ///
>         fcolor(navy%60) lcolor(navy) ///
>         xlabel(0(5)30, labsize(small)) ///
>         xtitle("Cell size k (people sharing the cell)", ///
>             size(small)) ///
>         ytitle("Number of cells", size(small)) ///
>         title("Re-identification exposure: quasi-id cell sizes", ///
>             size(medium)) ///
>         note("Source: nlsw88 stand-in over race, married, collgrad, industry.
>  Cells of 30+ people pooled at the right. The tall spike at small k is the re
> -identifiable mass.", ///
>             size(vsmall)) ///
>         graphregion(margin(l=2 r=6)) ysize(4) xsize(7.2)
(start=1, width=1)

.     graph export "$figures/ch14_kdist.png", replace width(2400)
file /Users/ericbooth/Library/CloudStorage/GoogleDrive-eric.booth@texas2036.org
> /My Drive/Book-Manuscript-Applied-Evaluation-Stata/code/figures/ch14_kdist.pn
> g written in PNG format

. restore

. di "FIGURE_SAVED"
FIGURE_SAVED

. 
. di "DONE"
DONE

. 
. *============================================================================
> ==*
. * (r) rawsweep demo: manifest of a simulated intake folder, PII flagged
. *============================================================================
> ==*
. adopath ++ "`c(pwd)'/rawsweep"
  [1]              "/Users/ericbooth/Library/CloudStorage/GoogleDrive-eric.boot
> h@texas2036.org/My Drive/Book-Manuscript-Applied-Evaluation-Stata/code/rawswe
> ep"
  [2]  (BASE)      "/Applications/StataNow/ado/base/"
  [3]  (SITE)      "/Users/ericbooth/Library/CloudStorage/GoogleDrive-eric.boot
> h@texas2036.org/Shared drives/Data and Research Team//_codeshare/"
  [4]              "."
  [5]  (PERSONAL)  "/Users/ericbooth/Documents/Stata/ado/personal/"
  [6]  (PLUS)      "/Users/ericbooth/Library/Application Support/Stata/ado/plus
> /"
  [7]  (OLDPLACE)  "~/ado/"

. local dir "`c(tmpdir)'/ch14_intake"

. capture mkdir "`dir'"

. foreach f in referrals.csv notes.csv failed.csv {
  2.     capture erase "`dir'/`f'"
  3. }

. file open h using "`dir'/referrals.csv", write replace
(file
    /var/folders/5n/6s4drlks0734vkn04zv4l0tr0000gp/T//ch14_intake/referrals.c
    > sv not found)

. file write h "id,site,score" _n "1,3,12" _n "2,5,9" _n

. file close h

. file open h using "`dir'/notes.csv", write replace
(file /var/folders/5n/6s4drlks0734vkn04zv4l0tr0000gp/T//ch14_intake/notes.csv
    not found)

. file write h "id,note" _n `"1,"call 512-555-0173 re: schedule""' _n

. file close h

. file open h using "`dir'/failed.csv", write replace
(file
    /var/folders/5n/6s4drlks0734vkn04zv4l0tr0000gp/T//ch14_intake/failed.csv
    not found)

. file close h

. rawsweep, directory("`dir'") pii clear

rawsweep: 3 file(s) in /var/folders/5n/6s4drlks0734vkn04zv4l0tr0000gp/T//ch14_i
> ntake
  smallest            0  largest           43 bytes
  1 zero-byte file(s): failed downloads wearing success flags
  files with likely PII in the first 25 rows: 1
  route those through the privacy gate before anything else touches them.

. assert r(files) == 3

. assert r(flagged) == 1

. di "RAWSWEEP_DEMO_OK"
RAWSWEEP_DEMO_OK

. 
. 
. *============================================================================
> ==*
. * (s) Synthetic stand-in with synthgen: same quasi-identifiers plus wage,
. *     rank-preserving copula draw, and the utility-and-safety receipt the
. *     sharing agreement quotes. Numbers frozen in the chapter prose.
. *============================================================================
> ==*
. adopath ++ "`c(pwd)'/../synthgen-stata-public"
  [1]              "/Users/ericbooth/Library/CloudStorage/GoogleDrive-eric.boot
> h@texas2036.org/My Drive/Book-Manuscript-Applied-Evaluation-Stata/code/../syn
> thgen-stata-public"
  [2]              "/Users/ericbooth/Library/CloudStorage/GoogleDrive-eric.boot
> h@texas2036.org/My Drive/Book-Manuscript-Applied-Evaluation-Stata/code/rawswe
> ep"
  [3]  (BASE)      "/Applications/StataNow/ado/base/"
  [4]  (SITE)      "/Users/ericbooth/Library/CloudStorage/GoogleDrive-eric.boot
> h@texas2036.org/Shared drives/Data and Research Team//_codeshare/"
  [5]              "."
  [6]  (PERSONAL)  "/Users/ericbooth/Documents/Stata/ado/personal/"
  [7]  (PLUS)      "/Users/ericbooth/Library/Application Support/Stata/ado/plus
> /"
  [8]  (OLDPLACE)  "~/ado/"

. sysuse nlsw88, clear
(NLSW, 1988 extract)

. synthgen race married collgrad industry wage, frame(synth) seed(20260730)
(file /var/folders/5n/6s4drlks0734vkn04zv4l0tr0000gp/T//synthgen_vl.do not
    found)
file /var/folders/5n/6s4drlks0734vkn04zv4l0tr0000gp/T//synthgen_vl.do saved
file /var/folders/5n/6s4drlks0734vkn04zv4l0tr0000gp/T//synthgen_vl.do saved
file /var/folders/5n/6s4drlks0734vkn04zv4l0tr0000gp/T//synthgen_vl.do saved
file /var/folders/5n/6s4drlks0734vkn04zv4l0tr0000gp/T//synthgen_vl.do saved

synthgen: 2246 synthetic rows from 2246 source rows, 5 variables (complete case
> s for structure: 2232)
  worst standardized mean gap:       0.040
  worst rank-correlation gap:        0.103
  synthetic rows duplicating a real record: 421
  (a duplicate is not automatically a leak on coarse variables, but it is the f
> irst thing to check)
  synthetic rows in frame synth

. local sg_maxdmean = r(maxdmean)

. local sg_maxdrho  = r(maxdrho)

. local sg_dupes    = r(dupes)

. di "SYNTHGEN maxdmean = " %5.3f `sg_maxdmean' ///
>    "  maxdrho = " %5.3f `sg_maxdrho' "  dupes = " `sg_dupes'
SYNTHGEN maxdmean = 0.040  maxdrho = 0.103  dupes = 421

. assert `sg_maxdmean' < 0.10

. assert `sg_maxdrho'  < 0.15

. frame synth: quietly count

. assert r(N) == 2246

. di "SYNTHGEN_DEMO_OK"
SYNTHGEN_DEMO_OK

. 
end of do-file
