
  ___  ____  ____  ____  ____ ®
 /__    /   ____/   /   ____/      StataNow 19.5
___/   /   /___/   /   /___/       MP—Parallel Edition

 Statistics and Data Science       Copyright 1985-2025 StataCorp LLC
                                   StataCorp
                                   4905 Lakeway Drive
                                   College Station, Texas 77845 USA
                                   800-782-8272        https://www.stata.com
                                   979-696-4600        service@stata.com

Stata license: 4-user 4-core network, expiring  6 May 2027
Serial number: 501909369296
  Licensed to: Eric Booth
               Texas 2036

Notes:
      1. Stata is running in batch mode.
      2. Unicode is supported; see help unicode_advice.
      3. More than 2 billion observations are allowed; see help obs_advice.
      4. Maximum number of variables is set to 5,000 but can be increased;
          see help set_maxvar.


Running /Users/ericbooth/Documents/Stata/ado/personal/profile.do ...
-------------------------------------------------------------------------------
  [1]  (BASE)      "/Applications/StataNow/ado/base/"
  [2]  (SITE)      "/Users/ericbooth/Library/CloudStorage/GoogleDrive-eric.boot
> h@texas2036.org/Shared drives/Data and Research Team//_codeshare/"
  [3]              "."
  [4]  (PERSONAL)  "/Users/ericbooth/Documents/Stata/ado/personal/"
  [5]  (PLUS)      "/Users/ericbooth/Library/Application Support/Stata/ado/plus
> /"
  [6]  (OLDPLACE)  "~/ado/"

Click [here] for other links
-------------------------------------------------------------------------------

. do ../../code/capstone_chr.do 

. *! capstone_chr.do  -- Applied Program Evaluation Using Stata, Appendix E
. *! One public dataset, ingest to deliverable, no API key required.
. *! County Health Rankings 2024 analytic file. Re-runs with `do capstone_chr.d
> o`.
. version 18

. clear all

. set more off

. 
. *--- 0. Control block (Chapter 2): paths and one switch you can flip --------
> --
. local site  "https://www.countyhealthrankings.org"

. local path  "sites/default/files/media/document"

. local csv   "chr_2024.csv"

. local redownload 1          // set to 0 to reuse a cached copy

. 
. *--- 1. Ingest (Chapter 4: harvest when the "API" is just a file) -----------
> --
. if `redownload' | !fileexists("`csv'") {
.     capture copy "`site'/`path'/analytic_data2024.csv" "`csv'", replace
.     if _rc {
.         display as error "Download failed (rc=`_rc'). Check the URL or your n
> etwork."
.         exit `_rc'
.     }
. }

. * FIPS codes are identifiers, not magnitudes: read them as strings so leading
. * zeros survive (Chapter 6). case(lower) makes the munged names predictable.
. import delimited "`csv'", clear varnames(1) case(lower) stringcols(1 2 3)
(encoding automatically selected: ISO-8859-1)
(770 vars, 3,196 obs)

. 
. *--- 2. Clean (Chapters 4-6): drop the label row, keep real counties --------
> --
. drop in 1                                   // row 1 is a second header of la
> bels
(1 observation deleted)

. keep if countyfipscode != "000"             // "000" rows are state roll-ups
(52 observations deleted)

. rename (prematuredeathrawvalue childreninpovertyrawvalue ///
>         uninsuredrawvalue stateabbreviation) ///
>        (ypll childpov unins state)

. destring ypll childpov unins, replace force
ypll: all characters numeric; replaced as double
(55 missing values generated)
childpov: all characters numeric; replaced as double
(1 missing value generated)
unins: all characters numeric; replaced as double
(1 missing value generated)

. replace childpov = childpov*100             // proportion -> percentage point
> s
(3,142 real changes made)

. replace unins    = unins*100
(3,142 real changes made)

. drop if missing(ypll, childpov, unins)
(55 observations deleted)

. 
. *--- 3. Tripwires (Chapter 7): fail loudly if the file drifted --------------
> --
. * Predict, then check: the CHR file covers ~3,000-3,150 usable counties.
. count
  3,088

. assert r(N) > 2900 & r(N) < 3200

. assert ypll    > 0    & ypll    < 50000     // YPLL per 100,000, sane range

. assert childpov >= 0  & childpov <= 100

. local N = r(N)

. display as result "Counties analyzed: `N'"
Counties analyzed: 3088

. 
. *--- 4. Analyze (Chapter 8: the comparison, stated in policy units) ---------
> --
. * Question: do higher-poverty counties lose more years of life, and does
. * insurance coverage explain part of the gap?
. regress ypll childpov unins

      Source |       SS           df       MS      Number of obs   =     3,088
-------------+----------------------------------   F(2, 3085)      =   1850.24
       Model |  2.0419e+10         2  1.0210e+10   Prob > F        =    0.0000
    Residual |  1.7023e+10     3,085  5518053.83   R-squared       =    0.5454
-------------+----------------------------------   Adj R-squared   =    0.5451
       Total |  3.7443e+10     3,087  12129122.3   Root MSE        =    2349.1

------------------------------------------------------------------------------
        ypll | Coefficient  Std. err.      t    P>|t|     [95% conf. interval]
-------------+----------------------------------------------------------------
    childpov |   299.1724   5.445821    54.94   0.000     288.4946    309.8502
       unins |   24.09013   8.798304     2.74   0.006     6.839003    41.34126
       _cons |   3753.856   122.0946    30.75   0.000     3514.461    3993.251
------------------------------------------------------------------------------

. local per10_naive = 10*_b[childpov]          // effect per 10 points of pover
> ty

. display as result "Naive: +" %4.0f `per10_naive' ///
>     " YPLL per 10-pt rise in child poverty;  R2=" %4.3f e(r2)
Naive: +2992 YPLL per 10-pt rise in child poverty;  R2=0.545

. 
. * Add state fixed effects: compare counties within the same state, so a
. * state's Medicaid rules and reporting quirks cannot drive the association.
. areg ypll childpov unins, absorb(state)

Linear regression, absorbing indicators          Number of obs     =     3,088
Absorbed variable: state                         No. of categories =        51
                                                 F(2, 3035)        =   1150.91
                                                 Prob > F          =    0.0000
                                                 R-squared         =    0.6002
                                                 Adj R-squared     =    0.5933
                                                 Root MSE          = 2220.9855

------------------------------------------------------------------------------
        ypll | Coefficient  Std. err.      t    P>|t|     [95% conf. interval]
-------------+----------------------------------------------------------------
    childpov |   278.1802   6.257973    44.45   0.000     265.9099    290.4505
       unins |   17.89371   17.94709     1.00   0.319    -17.29598     53.0834
       _cons |   4233.415   202.4757    20.91   0.000     3836.411    4630.418
------------------------------------------------------------------------------
F test of absorbed indicators: F(50, 3035) = 8.321            Prob > F = 0.000

. local per10_fe = 10*_b[childpov]

. display as result "State FE: +" %4.0f `per10_fe' ///
>     " YPLL per 10-pt rise;  N=" e(N)
State FE: +2782 YPLL per 10-pt rise;  N=3088

. 
. *--- 5. Visualize (Chapter 9: one honest picture) ---------------------------
> -
. preserve

.     gen povbin = round(childpov/5)*5

.     collapse (mean) ypll (count) n=ypll, by(povbin)

.     drop if n < 10                           // hide bins too thin to trust
(4 observations deleted)

.     twoway connected ypll povbin, sort ///
>         lcolor(navy) mcolor(navy) lwidth(medthick) ///
>         ytitle("Premature death" "(YPLL per 100,000)", size(small)) ///
>         xtitle("County child-poverty rate (%), 5-point bins", size(small)) //
> /
>         title("Higher-poverty counties lose more years of life", size(medsmal
> l)) ///
>         note("County Health Rankings 2024. Bins with <10 counties dropped.", 
> size(vsmall)) ///
>         graphregion(color(white)) ysize(3.4) xsize(5.2)

.     graph export "cap_ypll_poverty.png", replace width(2400)
(file cap_ypll_poverty.png not found)
file cap_ypll_poverty.png written in PNG format

. restore

. 
. *--- 6. Deliver (Chapters 11-12): a checkpoint others can reuse -------------
> --
. * Ship the small cleaned extract, not the raw file, with a stamped label.
. label data "CHR 2024 county extract (capstone). See capstone_chr.do."

. compress
  variable statefipscode was str9 now str2
  variable countyfipscode was str10 now str3
  variable digitfipscode was str8 now str5
  variable state was str5 now str2
  variable countyclusteredyes1no0 was str16 now str1
  variable prematuredeathnumerator was str14 now str6
  variable prematuredeathdenominator was str16 now str8
  variable prematuredeathflag0noflag1unreli was str9 now str1
  variable prematuredeathaian was str14 now str12
  variable prematuredeathcilowaian was str20 now str12
  variable prematuredeathcihighaian was str21 now str12
  variable prematuredeathflagaiannoflag1unr was str19 now str1
  variable prematuredeathasianpacificisland was str15 now str12
  variable prematuredeathcilowasianpacifici was str21 now str12
  variable prematuredeathcihighasianpacific was str22 now str12
  variable prematuredeathflagasianpacificis was str20 now str1
  variable prematuredeathblack was str15 now str12
  variable prematuredeathcilowblack was str21 now str12
  variable prematuredeathcihighblack was str22 now str12
  variable prematuredeathflagblacknoflag1un was str20 now str1
  variable prematuredeathhispanic was str18 now str12
  variable prematuredeathcilowhispanic was str24 now str12
  variable prematuredeathcihighhispanic was str25 now str12
  variable prematuredeathflaghispanicnoflag was str23 now str1
  variable prematuredeathwhite was str15 now str12
  variable prematuredeathcilowwhite was str21 now str12
  variable prematuredeathcihighwhite was str22 now str12
  variable prematuredeathflagwhitenoflag1un was str20 now str1
  variable prematuredeathnhopi was str15 now str12
  variable prematuredeathcilownhopi was str21 now str12
  variable prematuredeathcihighnhopi was str22 now str12
  variable prematuredeathflagnhopinoflag1un was str20 now str1
  variable prematuredeathflagtwoormoreraces was str18 now str1
  variable poororfairhealthrawvalue was str13 now str5
  variable poororfairhealthnumerator was str14 now str1
  variable poororfairhealthdenominator was str16 now str1
  variable poororfairhealthcilow was str10 now str5
  variable poororfairhealthcihigh was str11 now str5
  variable poorphysicalhealthdaysrawvalue was str13 now str12
  variable poorphysicalhealthdaysnumerator was str14 now str1
  variable poorphysicalhealthdaysdenominato was str16 now str1
  variable poormentalhealthdaysrawvalue was str13 now str12
  variable poormentalhealthdaysnumerator was str14 now str1
  variable poormentalhealthdaysdenominator was str16 now str1
  variable lowbirthweightrawvalue was str13 now str12
  variable lowbirthweightnumerator was str14 now str5
  variable lowbirthweightdenominator was str16 now str6
  variable lbwunreliableindicatorunreliable was str9 now str1
  variable lowbirthweightaian was str14 now str12
  variable lowbirthweightcilowaian was str20 now str12
  variable lowbirthweightcihighaian was str21 now str12
  variable lowbirthweightasianpacificisland was str15 now str12
  variable lowbirthweightcilowasianpacifici was str21 now str12
  variable lowbirthweightcihighasianpacific was str22 now str12
  variable lowbirthweightblack was str15 now str12
  variable lowbirthweightcilowblack was str21 now str12
  variable lowbirthweightcihighblack was str22 now str12
  variable lowbirthweighthispanic was str18 now str12
  variable lowbirthweightcilowhispanic was str24 now str12
  variable lowbirthweightcihighhispanic was str25 now str12
  variable lowbirthweightwhite was str15 now str12
  variable lowbirthweightcilowwhite was str21 now str12
  variable lowbirthweightcihighwhite was str22 now str12
  variable lowbirthweightnhopi was str15 now str12
  variable lowbirthweightcilownhopi was str21 now str12
  variable lowbirthweightcihighnhopi was str22 now str12
  variable lowbirthweighttwoormoreraces was str13 now str12
  variable lowbirthweightcilowtwoormorerace was str19 now str12
  variable lowbirthweightcihightwoormorerac was str20 now str12
  variable adultsmokingrawvalue was str13 now str5
  variable adultsmokingnumerator was str14 now str1
  variable adultsmokingdenominator was str16 now str1
  variable adultsmokingcilow was str10 now str5
  variable adultsmokingcihigh was str11 now str5
  variable adultobesityrawvalue was str13 now str5
  variable adultobesitynumerator was str14 now str1
  variable adultobesitydenominator was str16 now str1
  variable adultobesitycilow was str10 now str5
  variable adultobesitycihigh was str11 now str5
  variable foodenvironmentindexrawvalue was str13 now str3
  variable foodenvironmentindexnumerator was str14 now str12
  variable foodenvironmentindexdenominator was str16 now str5
  variable foodenvironmentindexcilow was str10 now str1
  variable foodenvironmentindexcihigh was str11 now str1
  variable physicalinactivityrawvalue was str13 now str5
  variable physicalinactivitynumerator was str14 now str1
  variable physicalinactivitydenominator was str16 now str1
  variable physicalinactivitycilow was str10 now str5
  variable physicalinactivitycihigh was str11 now str5
  variable accesstoexerciseopportunitiesraw was str13 now str12
  variable accesstoexerciseopportunitiesnum was str14 now str7
  variable accesstoexerciseopportunitiesden was str16 now str8
  variable accesstoexerciseopportunitiescil was str10 now str1
  variable accesstoexerciseopportunitiescih was str11 now str1
  variable excessivedrinkingrawvalue was str13 now str12
  variable excessivedrinkingnumerator was str14 now str1
  variable excessivedrinkingdenominator was str16 now str1
  variable alcoholimpaireddrivingdeathsrawv was str13 now str12
  variable alcoholimpaireddrivingdeathsnume was str14 now str3
  variable alcoholimpaireddrivingdeathsdeno was str16 now str4
  variable sexuallytransmittedinfectionsraw was str13 now str6
  variable sexuallytransmittedinfectionsnum was str14 now str5
  variable sexuallytransmittedinfectionsden was str16 now str7
  variable sexuallytransmittedinfectionscil was str10 now str1
  variable sexuallytransmittedinfectionscih was str11 now str1
  variable teenbirthsrawvalue was str13 now str12
  variable teenbirthsnumerator was str14 now str5
  variable teenbirthsdenominator was str16 now str7
  variable teenbirthsaian was str14 now str12
  variable teenbirthscilowaian was str20 now str12
  variable teenbirthscihighaian was str21 now str12
  variable teenbirthsasianpacificislander was str15 now str12
  variable teenbirthscilowasianpacificislan was str21 now str12
  variable teenbirthscihighasianpacificisla was str22 now str12
  variable teenbirthsblack was str15 now str12
  variable teenbirthscilowblack was str21 now str12
  variable teenbirthscihighblack was str22 now str12
  variable teenbirthshispanic was str18 now str12
  variable teenbirthscilowhispanic was str24 now str12
  variable teenbirthscihighhispanic was str25 now str12
  variable teenbirthswhite was str15 now str12
  variable teenbirthscilowwhite was str21 now str12
  variable teenbirthscihighwhite was str22 now str12
  variable teenbirthsnhopi was str15 now str12
  variable teenbirthscilownhopi was str21 now str12
  variable teenbirthscihighnhopi was str22 now str12
  variable teenbirthstwoormoreraces was str13 now str12
  variable teenbirthscilowtwoormoreraces was str19 now str12
  variable teenbirthscihightwoormoreraces was str20 now str12
  variable uninsurednumerator was str14 now str6
  variable uninsureddenominator was str16 now str7
  variable primarycarephysiciansrawvalue was str13 now str12
  variable primarycarephysiciansnumerator was str14 now str4
  variable primarycarephysiciansdenominator was str16 now str7
  variable primarycarephysicianscilow was str10 now str1
  variable primarycarephysicianscihigh was str11 now str1
  variable ratioofpopulationtoprimarycareph was str17 now str12
  variable dentistsrawvalue was str13 now str12
  variable dentistsnumerator was str14 now str4
  variable dentistsdenominator was str16 now str7
  variable dentistscilow was str10 now str1
  variable dentistscihigh was str11 now str1
  variable ratioofpopulationtodentists was str17 now str12
  variable mentalhealthprovidersrawvalue was str13 now str12
  variable mentalhealthprovidersnumerator was str14 now str5
  variable mentalhealthprovidersdenominator was str16 now str7
  variable mentalhealthproviderscilow was str10 now str1
  variable mentalhealthproviderscihigh was str11 now str1
  variable ratioofpopulationtomentalhealthp was str17 now str12
  variable preventablehospitalstaysrawvalue was str13 now str5
  variable preventablehospitalstaysnumerato was str14 now str1
  variable preventablehospitalstaysdenomina was str16 now str1
  variable preventablehospitalstayscilow was str10 now str1
  variable preventablehospitalstayscihigh was str11 now str1
  variable preventablehospitalstaysaian was str14 now str5
  variable preventablehospitalstaysasianpac was str15 now str5
  variable preventablehospitalstaysblack was str15 now str5
  variable preventablehospitalstayshispanic was str18 now str5
  variable preventablehospitalstayswhite was str15 now str5
  variable mammographyscreeningrawvalue was str13 now str4
  variable mammographyscreeningnumerator was str14 now str1
  variable mammographyscreeningdenominator was str16 now str1
  variable mammographyscreeningcilow was str10 now str1
  variable mammographyscreeningcihigh was str11 now str1
  variable mammographyscreeningaian was str14 now str4
  variable mammographyscreeningasianpacific was str15 now str4
  variable mammographyscreeningblack was str15 now str4
  variable mammographyscreeninghispanic was str18 now str4
  variable mammographyscreeningwhite was str15 now str4
  variable fluvaccinationsrawvalue was str13 now str4
  variable fluvaccinationsnumerator was str14 now str1
  variable fluvaccinationsdenominator was str16 now str1
  variable fluvaccinationscilow was str10 now str1
  variable fluvaccinationscihigh was str11 now str1
  variable fluvaccinationsaian was str14 now str4
  variable fluvaccinationsasianpacificislan was str15 now str4
  variable fluvaccinationsblack was str15 now str4
  variable fluvaccinationshispanic was str18 now str4
  variable fluvaccinationswhite was str15 now str4
  variable highschoolcompletionrawvalue was str13 now str12
  variable highschoolcompletionnumerator was str14 now str7
  variable highschoolcompletiondenominator was str16 now str7
  variable somecollegerawvalue was str13 now str12
  variable somecollegenumerator was str14 now str7
  variable somecollegedenominator was str16 now str7
  variable unemploymentrawvalue was str13 now str12
  variable unemploymentnumerator was str14 now str6
  variable unemploymentdenominator was str16 now str7
  variable unemploymentcilow was str10 now str1
  variable unemploymentcihigh was str11 now str1
  variable childreninpovertynumerator was str14 now str6
  variable childreninpovertydenominator was str16 now str1
  variable childreninpovertyaian was str14 now str12
  variable childreninpovertycilowaian was str20 now str12
  variable childreninpovertycihighaian was str21 now str12
  variable childreninpovertyasianpacificisl was str15 now str12
  variable childreninpovertycilowasianpacif was str21 now str12
  variable childreninpovertycihighasianpaci was str22 now str12
  variable childreninpovertyblack was str15 now str12
  variable childreninpovertycilowblack was str21 now str12
  variable childreninpovertycihighblack was str22 now str12
  variable childreninpovertyhispanic was str18 now str12
  variable childreninpovertycilowhispanic was str24 now str12
  variable childreninpovertycihighhispanic was str25 now str12
  variable childreninpovertywhite was str15 now str12
  variable childreninpovertycilowwhite was str21 now str12
  variable childreninpovertycihighwhite was str22 now str12
  variable incomeinequalityrawvalue was str13 now str12
  variable incomeinequalitynumerator was str14 now str6
  variable incomeinequalitydenominator was str16 now str5
  variable childreninsingleparenthouseholds was str13 now str12
  variable v241 was str14 now str6
  variable v242 was str16 now str7
  variable socialassociationsrawvalue was str13 now str12
  variable socialassociationsnumerator was str14 now str4
  variable socialassociationsdenominator was str16 now str7
  variable socialassociationscilow was str10 now str1
  variable socialassociationscihigh was str11 now str1
  variable injurydeathsrawvalue was str13 now str12
  variable injurydeathsnumerator was str14 now str5
  variable injurydeathsdenominator was str16 now str8
  variable injurydeathsaian was str14 now str12
  variable injurydeathscilowaian was str20 now str12
  variable injurydeathscihighaian was str21 now str12
  variable injurydeathsasianpacificislander was str15 now str12
  variable injurydeathscilowasianpacificisl was str21 now str12
  variable injurydeathscihighasianpacificis was str22 now str12
  variable injurydeathsblack was str15 now str12
  variable injurydeathscilowblack was str21 now str12
  variable injurydeathscihighblack was str22 now str12
  variable injurydeathshispanic was str18 now str12
  variable injurydeathscilowhispanic was str24 now str12
  variable injurydeathscihighhispanic was str25 now str12
  variable injurydeathswhite was str15 now str12
  variable injurydeathscilowwhite was str21 now str12
  variable injurydeathscihighwhite was str22 now str12
  variable injurydeathsnhopi was str15 now str12
  variable injurydeathscilownhopi was str21 now str12
  variable injurydeathscihighnhopi was str22 now str12
  variable airpollutionparticulatematterraw was str13 now str4
  variable airpollutionparticulatematternum was str14 now str1
  variable airpollutionparticulatematterden was str16 now str1
  variable airpollutionparticulatemattercil was str10 now str1
  variable airpollutionparticulatemattercih was str11 now str1
  variable drinkingwaterviolationsrawvalue was str13 now str1
  variable drinkingwaterviolationsnumerator was str14 now str1
  variable drinkingwaterviolationsdenominat was str16 now str1
  variable drinkingwaterviolationscilow was str10 now str1
  variable drinkingwaterviolationscihigh was str11 now str1
  variable severehousingproblemsrawvalue was str13 now str12
  variable severehousingproblemsnumerator was str14 now str7
  variable severehousingproblemsdenominator was str16 now str7
  variable percentageofhouseholdswithhighho was str17 now str12
  variable v289 was str23 now str12
  variable v290 was str24 now str12
  variable percentageofhouseholdswithovercr was str17 now str12
  variable v292 was str23 now str12
  variable v293 was str24 now str12
  variable percentageofhouseholdswithlackof was str17 now str12
  variable v295 was str23 now str12
  variable v296 was str24 now str12
  variable drivingalonetoworkrawvalue was str13 now str12
  variable drivingalonetoworknumerator was str14 now str7
  variable drivingalonetoworkdenominator was str16 now str7
  variable drivingalonetoworkaian was str14 now str12
  variable drivingalonetoworkcilowaian was str20 now str12
  variable drivingalonetoworkcihighaian was str21 now str12
  variable drivingalonetoworkasianpacificis was str15 now str12
  variable drivingalonetoworkcilowasianpaci was str21 now str12
  variable drivingalonetoworkcihighasianpac was str22 now str12
  variable drivingalonetoworkblack was str15 now str12
  variable drivingalonetoworkcilowblack was str21 now str12
  variable drivingalonetoworkcihighblack was str22 now str12
  variable drivingalonetoworkhispanic was str18 now str12
  variable drivingalonetoworkcilowhispanic was str24 now str12
  variable drivingalonetoworkcihighhispanic was str25 now str12
  variable drivingalonetoworkwhite was str15 now str12
  variable drivingalonetoworkcilowwhite was str21 now str12
  variable drivingalonetoworkcihighwhite was str22 now str12
  variable longcommutedrivingalonerawvalue was str13 now str5
  variable longcommutedrivingalonenumerator was str14 now str1
  variable longcommutedrivingalonedenominat was str16 now str7
  variable lifeexpectancyrawvalue was str13 now str12
  variable lifeexpectancynumerator was str14 now str1
  variable lifeexpectancydenominator was str16 now str1
  variable lifeexpectancyaian was str14 now str12
  variable lifeexpectancycilowaian was str20 now str12
  variable lifeexpectancycihighaian was str21 now str12
  variable lifeexpectancyasianpacificisland was str15 now str12
  variable lifeexpectancycilowasianpacifici was str21 now str12
  variable lifeexpectancycihighasianpacific was str22 now str12
  variable lifeexpectancyblack was str15 now str12
  variable lifeexpectancycilowblack was str21 now str12
  variable lifeexpectancycihighblack was str22 now str12
  variable lifeexpectancyhispanic was str18 now str12
  variable lifeexpectancycilowhispanic was str24 now str12
  variable lifeexpectancycihighhispanic was str25 now str12
  variable lifeexpectancywhite was str15 now str12
  variable lifeexpectancycilowwhite was str21 now str12
  variable lifeexpectancycihighwhite was str22 now str12
  variable lifeexpectancynhopi was str15 now str12
  variable lifeexpectancycilownhopi was str21 now str12
  variable lifeexpectancycihighnhopi was str22 now str12
  variable prematureageadjustedmortalityraw was str13 now str12
  variable prematureageadjustedmortalitynum was str14 now str6
  variable prematureageadjustedmortalityden was str16 now str8
  variable prematureageadjustedmortalityaia was str14 now str12
  variable v351 was str20 now str12
  variable v352 was str21 now str12
  variable prematureageadjustedmortalityasi was str15 now str12
  variable v354 was str21 now str12
  variable v355 was str22 now str12
  variable prematureageadjustedmortalitybla was str15 now str12
  variable v357 was str21 now str12
  variable v358 was str22 now str12
  variable prematureageadjustedmortalityhis was str18 now str12
  variable v360 was str24 now str12
  variable v361 was str25 now str12
  variable prematureageadjustedmortalitywhi was str15 now str12
  variable v363 was str21 now str12
  variable v364 was str22 now str12
  variable prematureageadjustedmortalitynho was str15 now str12
  variable v366 was str21 now str12
  variable v367 was str22 now str12
  variable childmortalityrawvalue was str13 now str12
  variable childmortalitynumerator was str14 now str4
  variable childmortalitydenominator was str16 now str7
  variable childmortalityaian was str14 now str12
  variable childmortalitycilowaian was str20 now str12
  variable childmortalitycihighaian was str21 now str12
  variable childmortalityasianpacificisland was str15 now str12
  variable childmortalitycilowasianpacifici was str21 now str12
  variable childmortalitycihighasianpacific was str22 now str12
  variable childmortalityblack was str15 now str12
  variable childmortalitycilowblack was str21 now str12
  variable childmortalitycihighblack was str22 now str12
  variable childmortalityhispanic was str18 now str12
  variable childmortalitycilowhispanic was str24 now str12
  variable childmortalitycihighhispanic was str25 now str12
  variable childmortalitywhite was str15 now str12
  variable childmortalitycilowwhite was str21 now str12
  variable childmortalitycihighwhite was str22 now str12
  variable childmortalitynhopi was str15 now str12
  variable childmortalitycilownhopi was str21 now str12
  variable childmortalitycihighnhopi was str22 now str12
  variable infantmortalityrawvalue was str13 now str12
  variable infantmortalitynumerator was str14 now str4
  variable infantmortalitydenominator was str16 now str6
  variable infantmortalityaian was str14 now str12
  variable infantmortalitycilowaian was str20 now str12
  variable infantmortalitycihighaian was str21 now str12
  variable infantmortalityasianpacificislan was str15 now str12
  variable infantmortalitycilowasianpacific was str21 now str12
  variable infantmortalitycihighasianpacifi was str22 now str12
  variable infantmortalityblack was str15 now str12
  variable infantmortalitycilowblack was str21 now str12
  variable infantmortalitycihighblack was str22 now str12
  variable infantmortalityhispanic was str18 now str12
  variable infantmortalitycilowhispanic was str24 now str12
  variable infantmortalitycihighhispanic was str25 now str12
  variable infantmortalitywhite was str15 now str12
  variable infantmortalitycilowwhite was str21 now str12
  variable infantmortalitycihighwhite was str22 now str12
  variable infantmortalitynhopi was str15 now str12
  variable infantmortalitycilownhopi was str21 now str12
  variable infantmortalitycihighnhopi was str22 now str12
  variable infantmortalitytwoormoreraces was str13 now str12
  variable infantmortalitycilowtwoormorerac was str19 now str12
  variable infantmortalitycihightwoormorera was str20 now str12
  variable frequentphysicaldistressrawvalue was str13 now str5
  variable frequentphysicaldistressnumerato was str14 now str1
  variable frequentphysicaldistressdenomina was str16 now str1
  variable frequentphysicaldistresscilow was str12 now str5
  variable frequentphysicaldistresscihigh was str12 now str5
  variable frequentmentaldistressrawvalue was str13 now str5
  variable frequentmentaldistressnumerator was str14 now str1
  variable frequentmentaldistressdenominato was str16 now str1
  variable frequentmentaldistresscilow was str12 now str5
  variable frequentmentaldistresscihigh was str12 now str5
  variable diabetesprevalencerawvalue was str13 now str5
  variable diabetesprevalencenumerator was str14 now str1
  variable diabetesprevalencedenominator was str16 now str1
  variable diabetesprevalencecilow was str10 now str5
  variable diabetesprevalencecihigh was str11 now str5
  variable hivprevalencerawvalue was str13 now str6
  variable hivprevalencenumerator was str14 now str5
  variable hivprevalencedenominator was str16 now str7
  variable hivprevalencecilow was str10 now str1
  variable hivprevalencecihigh was str11 now str1
  variable foodinsecurityrawvalue was str13 now str5
  variable foodinsecuritynumerator was str14 now str7
  variable foodinsecuritydenominator was str16 now str1
  variable foodinsecuritycilow was str10 now str1
  variable foodinsecuritycihigh was str11 now str1
  variable limitedaccesstohealthyfoodsrawva was str13 now str12
  variable limitedaccesstohealthyfoodsnumer was str14 now str12
  variable limitedaccesstohealthyfoodsdenom was str16 now str7
  variable limitedaccesstohealthyfoodscilow was str10 now str1
  variable limitedaccesstohealthyfoodscihig was str11 now str1
  variable drugoverdosedeathsrawvalue was str13 now str12
  variable drugoverdosedeathsnumerator was str14 now str4
  variable drugoverdosedeathsdenominator was str16 now str8
  variable drugoverdosedeathsaian was str14 now str12
  variable drugoverdosedeathscilowaian was str20 now str12
  variable drugoverdosedeathscihighaian was str21 now str12
  variable drugoverdosedeathsasianpacificis was str15 now str12
  variable drugoverdosedeathscilowasianpaci was str21 now str12
  variable drugoverdosedeathscihighasianpac was str22 now str12
  variable drugoverdosedeathsblack was str15 now str12
  variable drugoverdosedeathscilowblack was str21 now str12
  variable drugoverdosedeathscihighblack was str22 now str12
  variable drugoverdosedeathshispanic was str18 now str12
  variable drugoverdosedeathscilowhispanic was str24 now str12
  variable drugoverdosedeathscihighhispanic was str25 now str12
  variable drugoverdosedeathswhite was str15 now str12
  variable drugoverdosedeathscilowwhite was str21 now str12
  variable drugoverdosedeathscihighwhite was str22 now str12
  variable drugoverdosedeathsnhopi was str15 now str12
  variable drugoverdosedeathscilownhopi was str21 now str12
  variable drugoverdosedeathscihighnhopi was str22 now str12
  variable insufficientsleeprawvalue was str13 now str5
  variable insufficientsleepnumerator was str14 now str1
  variable insufficientsleepdenominator was str16 now str1
  variable insufficientsleepcilow was str12 now str5
  variable insufficientsleepcihigh was str12 now str5
  variable uninsuredadultsrawvalue was str13 now str12
  variable uninsuredadultsnumerator was str14 now str6
  variable uninsuredadultsdenominator was str16 now str7
  variable uninsuredchildrenrawvalue was str13 now str12
  variable uninsuredchildrennumerator was str14 now str6
  variable uninsuredchildrendenominator was str16 now str7
  variable otherprimarycareprovidersrawvalu was str13 now str12
  variable otherprimarycareprovidersnumerat was str14 now str4
  variable otherprimarycareprovidersdenomin was str16 now str7
  variable otherprimarycareproviderscilow was str10 now str1
  variable otherprimarycareproviderscihigh was str11 now str1
  variable ratioofpopulationtoprimarycarepr was str17 now str12
  variable highschoolgraduationrawvalue was str13 now str12
  variable highschoolgraduationnumerator was str14 now str9
  variable highschoolgraduationdenominator was str16 now str5
  variable highschoolgraduationcilow was str10 now str1
  variable highschoolgraduationcihigh was str11 now str1
  variable disconnectedyouthrawvalue was str13 now str12
  variable disconnectedyouthnumerator was str14 now str5
  variable disconnectedyouthdenominator was str16 now str6
  variable readingscoresrawvalue was str13 now str12
  variable readingscoresnumerator was str14 now str1
  variable readingscoresdenominator was str16 now str1
  variable readingscorescilow was str10 now str1
  variable readingscorescihigh was str11 now str1
  variable readingscoresaian was str14 now str1
  variable readingscoresasianpacificislande was str15 now str11
  variable readingscoresblack was str15 now str11
  variable readingscoreshispanic was str18 now str12
  variable readingscoreswhite was str15 now str11
  variable mathscoresrawvalue was str13 now str12
  variable mathscoresnumerator was str14 now str1
  variable mathscoresdenominator was str16 now str1
  variable mathscorescilow was str10 now str1
  variable mathscorescihigh was str11 now str1
  variable mathscoresaian was str14 now str1
  variable mathscoresasianpacificislander was str15 now str11
  variable mathscoresblack was str15 now str11
  variable mathscoreshispanic was str18 now str12
  variable mathscoreswhite was str15 now str12
  variable schoolsegregationrawvalue was str13 now str12
  variable schoolsegregationnumerator was str14 now str1
  variable schoolsegregationdenominator was str16 now str1
  variable schoolsegregationcilow was str10 now str1
  variable schoolsegregationcihigh was str11 now str1
  variable schoolfundingadequacyrawvalue was str13 now str12
  variable schoolfundingadequacynumerator was str14 now str1
  variable schoolfundingadequacydenominator was str16 now str1
  variable schoolfundingadequacycilow was str10 now str1
  variable schoolfundingadequacycihigh was str11 now str1
  variable genderpaygaprawvalue was str13 now str12
  variable genderpaygapnumerator was str14 now str6
  variable genderpaygapdenominator was str16 now str6
  variable medianhouseholdincomerawvalue was str13 now str6
  variable medianhouseholdincomenumerator was str14 now str1
  variable medianhouseholdincomedenominator was str16 now str1
  variable medianhouseholdincomeaian was str14 now str6
  variable medianhouseholdincomecilowaian was str20 now str12
  variable medianhouseholdincomecihighaian was str21 now str12
  variable medianhouseholdincomeasian was str15 now str6
  variable medianhouseholdincomecilowasian was str21 now str12
  variable medianhouseholdincomecihighasian was str22 now str12
  variable medianhouseholdincomeblack was str15 now str6
  variable medianhouseholdincomecilowblack was str21 now str12
  variable medianhouseholdincomecihighblack was str22 now str12
  variable medianhouseholdincomehispanic was str18 now str6
  variable medianhouseholdincomecilowhispan was str24 now str12
  variable medianhouseholdincomecihighhispa was str25 now str12
  variable medianhouseholdincomewhite was str15 now str6
  variable medianhouseholdincomecilowwhite was str21 now str12
  variable medianhouseholdincomecihighwhite was str22 now str12
  variable livingwagerawvalue was str13 now str1
  variable livingwagenumerator was str14 now str1
  variable livingwagedenominator was str16 now str1
  variable livingwagecilow was str10 now str1
  variable livingwagecihigh was str11 now str1
  variable childreneligibleforfreeorreduced was str13 now str12
  variable v562 was str14 now str6
  variable v563 was str16 now str7
  variable v564 was str10 now str1
  variable v565 was str11 now str1
  variable residentialsegregationblackwhite was str13 now str12
  variable v567 was str14 now str1
  variable v568 was str16 now str1
  variable v569 was str10 now str1
  variable v570 was str11 now str1
  variable childcarecostburdenrawvalue was str13 now str12
  variable childcarecostburdennumerator was str14 now str1
  variable childcarecostburdendenominator was str16 now str6
  variable childcarecostburdencilow was str10 now str1
  variable childcarecostburdencihigh was str11 now str1
  variable childcarecentersrawvalue was str13 now str12
  variable childcarecentersnumerator was str14 now str4
  variable childcarecentersdenominator was str16 now str6
  variable childcarecenterscilow was str10 now str1
  variable childcarecenterscihigh was str11 now str1
  variable homicidesrawvalue was str13 now str12
  variable homicidesnumerator was str14 now str4
  variable homicidesdenominator was str16 now str8
  variable homicidesaian was str14 now str12
  variable homicidescilowaian was str20 now str12
  variable homicidescihighaian was str21 now str12
  variable homicidesasianpacificislander was str15 now str12
  variable homicidescilowasianpacificisland was str21 now str12
  variable homicidescihighasianpacificislan was str22 now str12
  variable homicidesblack was str15 now str12
  variable homicidescilowblack was str21 now str12
  variable homicidescihighblack was str22 now str12
  variable homicideshispanic was str18 now str12
  variable homicidescilowhispanic was str24 now str12
  variable homicidescihighhispanic was str25 now str12
  variable homicideswhite was str15 now str12
  variable homicidescilowwhite was str21 now str12
  variable homicidescihighwhite was str22 now str12
  variable homicidesnhopi was str15 now str12
  variable homicidescilownhopi was str21 now str12
  variable homicidescihighnhopi was str22 now str12
  variable suicidesrawvalue was str13 now str12
  variable suicidesnumerator was str14 now str4
  variable suicidesdenominator was str16 now str8
  variable crudesuiciderate was str17 now str12
  variable suicidesaian was str14 now str12
  variable suicidescilowaian was str20 now str12
  variable suicidescihighaian was str21 now str12
  variable suicidesasianpacificislander was str15 now str12
  variable suicidescilowasianpacificislande was str21 now str12
  variable suicidescihighasianpacificisland was str22 now str12
  variable suicidesblack was str15 now str12
  variable suicidescilowblack was str21 now str12
  variable suicidescihighblack was str22 now str12
  variable suicideshispanic was str18 now str12
  variable suicidescilowhispanic was str24 now str12
  variable suicidescihighhispanic was str25 now str12
  variable suicideswhite was str15 now str12
  variable suicidescilowwhite was str21 now str12
  variable suicidescihighwhite was str22 now str12
  variable suicidesnhopi was str15 now str12
  variable suicidescilownhopi was str21 now str12
  variable suicidescihighnhopi was str22 now str12
  variable firearmfatalitiesrawvalue was str13 now str12
  variable firearmfatalitiesnumerator was str14 now str4
  variable firearmfatalitiesdenominator was str16 now str8
  variable firearmfatalitiesaian was str14 now str12
  variable firearmfatalitiescilowaian was str20 now str12
  variable firearmfatalitiescihighaian was str21 now str12
  variable firearmfatalitiesasianpacificisl was str15 now str12
  variable firearmfatalitiescilowasianpacif was str21 now str12
  variable firearmfatalitiescihighasianpaci was str22 now str12
  variable firearmfatalitiesblack was str15 now str12
  variable firearmfatalitiescilowblack was str21 now str12
  variable firearmfatalitiescihighblack was str22 now str12
  variable firearmfatalitieshispanic was str18 now str12
  variable firearmfatalitiescilowhispanic was str24 now str12
  variable firearmfatalitiescihighhispanic was str25 now str12
  variable firearmfatalitieswhite was str15 now str12
  variable firearmfatalitiescilowwhite was str21 now str12
  variable firearmfatalitiescihighwhite was str22 now str12
  variable firearmfatalitiesnhopi was str15 now str12
  variable firearmfatalitiescilownhopi was str21 now str12
  variable firearmfatalitiescihighnhopi was str22 now str12
  variable motorvehiclecrashdeathsrawvalue was str13 now str12
  variable motorvehiclecrashdeathsnumerator was str14 now str4
  variable motorvehiclecrashdeathsdenominat was str16 now str8
  variable motorvehiclecrashdeathsaian was str14 now str12
  variable motorvehiclecrashdeathscilowaian was str20 now str12
  variable motorvehiclecrashdeathscihighaia was str21 now str12
  variable motorvehiclecrashdeathsasianpaci was str15 now str12
  variable motorvehiclecrashdeathscilowasia was str21 now str12
  variable motorvehiclecrashdeathscihighasi was str22 now str12
  variable motorvehiclecrashdeathsblack was str15 now str12
  variable motorvehiclecrashdeathscilowblac was str21 now str12
  variable motorvehiclecrashdeathscihighbla was str22 now str12
  variable motorvehiclecrashdeathshispanic was str18 now str12
  variable motorvehiclecrashdeathscilowhisp was str24 now str12
  variable motorvehiclecrashdeathscihighhis was str25 now str12
  variable motorvehiclecrashdeathswhite was str15 now str12
  variable motorvehiclecrashdeathscilowwhit was str21 now str12
  variable motorvehiclecrashdeathscihighwhi was str22 now str12
  variable motorvehiclecrashdeathsnhopi was str15 now str12
  variable motorvehiclecrashdeathscilownhop was str21 now str12
  variable motorvehiclecrashdeathscihighnho was str22 now str12
  variable juvenilearrestsrawvalue was str13 now str12
  variable juvenilearrestsnumerator was str14 now str1
  variable juvenilearrestsdenominator was str16 now str6
  variable juvenilearrestscilow was str10 now str1
  variable juvenilearrestscihigh was str11 now str1
  variable numberofjuveniledelinquencycases was str17 now str4
  variable numberofinformallyhandledjuvenil was str17 now str4
  variable voterturnoutrawvalue was str13 now str12
  variable voterturnoutnumerator was str14 now str7
  variable voterturnoutdenominator was str16 now str7
  variable voterturnoutcilow was str10 now str1
  variable voterturnoutcihigh was str11 now str1
  variable censusparticipationrawvalue was str13 now str5
  variable censusparticipationnumerator was str14 now str1
  variable censusparticipationdenominator was str16 now str1
  variable censusparticipationcilow was str10 now str1
  variable censusparticipationcihigh was str11 now str1
  variable trafficvolumerawvalue was str13 now str12
  variable trafficvolumenumerator was str14 now str1
  variable trafficvolumedenominator was str16 now str1
  variable trafficvolumecilow was str10 now str1
  variable trafficvolumecihigh was str11 now str1
  variable homeownershiprawvalue was str13 now str12
  variable homeownershipnumerator was str14 now str7
  variable homeownershipdenominator was str16 now str7
  variable severehousingcostburdenrawvalue was str13 now str12
  variable severehousingcostburdennumerator was str14 now str6
  variable severehousingcostburdendenominat was str16 now str7
  variable broadbandaccessrawvalue was str13 now str12
  variable broadbandaccessnumerator was str14 now str7
  variable broadbandaccessdenominator was str16 now str7
  variable populationrawvalue was str13 now str7
  variable populationnumerator was str14 now str1
  variable populationdenominator was str16 now str1
  variable populationcilow was str10 now str1
  variable populationcihigh was str11 now str1
  variable below18yearsofagerawvalue was str13 now str12
  variable below18yearsofagenumerator was str14 now str7
  variable below18yearsofagedenominator was str16 now str7
  variable below18yearsofagecilow was str10 now str1
  variable below18yearsofagecihigh was str11 now str1
  variable v721 was str13 now str12
  variable v722 was str14 now str7
  variable v723 was str16 now str7
  variable v724 was str10 now str1
  variable v725 was str11 now str1
  variable nonhispanicblackrawvalue was str13 now str12
  variable nonhispanicblacknumerator was str14 now str7
  variable nonhispanicblackdenominator was str16 now str7
  variable nonhispanicblackcilow was str10 now str1
  variable nonhispanicblackcihigh was str11 now str1
  variable americanindianoralaskanativerawv was str13 now str12
  variable americanindianoralaskanativenume was str14 now str6
  variable americanindianoralaskanativedeno was str16 now str7
  variable americanindianoralaskanativecilo was str10 now str1
  variable americanindianoralaskanativecihi was str11 now str1
  variable asianrawvalue was str13 now str12
  variable asiannumerator was str14 now str7
  variable asiandenominator was str16 now str7
  variable asiancilow was str10 now str1
  variable asiancihigh was str11 now str1
  variable nativehawaiianorotherpacificisla was str13 now str12
  variable v742 was str14 now str5
  variable v743 was str16 now str7
  variable v744 was str10 now str1
  variable v745 was str11 now str1
  variable hispanicrawvalue was str13 now str12
  variable hispanicnumerator was str14 now str7
  variable hispanicdenominator was str16 now str7
  variable hispaniccilow was str10 now str1
  variable hispaniccihigh was str11 now str1
  variable nonhispanicwhiterawvalue was str13 now str12
  variable nonhispanicwhitenumerator was str14 now str7
  variable nonhispanicwhitedenominator was str16 now str7
  variable nonhispanicwhitecilow was str10 now str1
  variable nonhispanicwhitecihigh was str11 now str1
  variable notproficientinenglishrawvalue was str13 now str12
  variable notproficientinenglishnumerator was str14 now str7
  variable notproficientinenglishdenominato was str16 now str7
  variable femalerawvalue was str13 now str12
  variable femalenumerator was str14 now str7
  variable femaledenominator was str16 now str7
  variable femalecilow was str10 now str1
  variable femalecihigh was str11 now str1
  variable ruralrawvalue was str13 now str12
  variable ruralnumerator was str14 now str6
  variable ruraldenominator was str16 now str8
  variable ruralcilow was str10 now str1
  variable ruralcihigh was str11 now str1
  (17,549,104 bytes saved)

. save "chr_2024_clean.dta", replace
(file chr_2024_clean.dta not found)
file chr_2024_clean.dta saved

. display as result "Deliverable saved: chr_2024_clean.dta, cap_ypll_poverty.pn
> g"
Deliverable saved: chr_2024_clean.dta, cap_ypll_poverty.png

. 
end of do-file
