
  ___  ____  ____  ____  ____ ®
 /__    /   ____/   /   ____/      StataNow 19.5
___/   /   /___/   /   /___/       MP—Parallel Edition

 Statistics and Data Science       Copyright 1985-2025 StataCorp LLC
                                   StataCorp
                                   4905 Lakeway Drive
                                   College Station, Texas 77845 USA
                                   800-782-8272        https://www.stata.com
                                   979-696-4600        service@stata.com

Stata license: 4-user 4-core network, expiring  6 May 2027
Serial number: 501909369296
  Licensed to: Eric Booth
               Texas 2036

Notes:
      1. Stata is running in batch mode.
      2. Unicode is supported; see help unicode_advice.
      3. More than 2 billion observations are allowed; see help obs_advice.
      4. Maximum number of variables is set to 5,000 but can be increased;
          see help set_maxvar.


Running /Users/ericbooth/Documents/Stata/ado/personal/profile.do ...
-------------------------------------------------------------------------------
  [1]  (BASE)      "/Applications/StataNow/ado/base/"
  [2]  (SITE)      "/Users/ericbooth/Library/CloudStorage/GoogleDrive-eric.boot
> h@texas2036.org/Shared drives/Data and Research Team//_codeshare/"
  [3]              "."
  [4]  (PERSONAL)  "/Users/ericbooth/Documents/Stata/ado/personal/"
  [5]  (PLUS)      "/Users/ericbooth/Library/Application Support/Stata/ado/plus
> /"
  [6]  (OLDPLACE)  "~/ado/"
 [view] [edit] [do]  verify_appendix.do 

Click [here] for other links
-------------------------------------------------------------------------------

. do verify_appendix.do 

. version 18

. clear all

. set more off

. use "/Users/ericbooth/Library/CloudStorage/GoogleDrive-eric.booth@texas2036.o
> rg/My Drive/BookExamples/221043-V2/output_2022/prams22_master.dta", clear

. assert _N == 32

. pwcorr dep_before smoke_before

             | dep_be~e smoke_~e
-------------+------------------
  dep_before |   1.0000 
smoke_before |   0.7181   1.0000 

. regress dep_before ins_none_before

      Source |       SS           df       MS      Number of obs   =        32
-------------+----------------------------------   F(1, 30)        =      2.35
       Model |   72.085453         1   72.085453   Prob > F        =    0.1360
    Residual |  921.164235        30  30.7054745   R-squared       =    0.0726
-------------+----------------------------------   Adj R-squared   =    0.0417
       Total |  993.249688        31  32.0403125   Root MSE        =    5.5413

------------------------------------------------------------------------------
  dep_before | Coefficient  Std. err.      t    P>|t|     [95% conf. interval]
-------------+----------------------------------------------------------------
ins_none_b~e |   .3444358   .2247979     1.53   0.136    -.1146629    .8035344
       _cons |    14.0437   2.461152     5.71   0.000     9.017354    19.07004
------------------------------------------------------------------------------

. regress dep_before ins_none_before smoke_before

      Source |       SS           df       MS      Number of obs   =        32
-------------+----------------------------------   F(2, 29)        =     15.52
       Model |   513.44582         2   256.72291   Prob > F        =    0.0000
    Residual |  479.803867        29  16.5449609   R-squared       =    0.5169
-------------+----------------------------------   Adj R-squared   =    0.4836
       Total |  993.249688        31  32.0403125   Root MSE        =    4.0675

------------------------------------------------------------------------------
  dep_before | Coefficient  Std. err.      t    P>|t|     [95% conf. interval]
-------------+----------------------------------------------------------------
ins_none_b~e |   .0479878   .1747098     0.27   0.786    -.3093339    .4053096
smoke_before |   .9265094    .179385     5.16   0.000     .5596259    1.293393
       _cons |   7.223311   2.237767     3.23   0.003     2.646563    11.80006
------------------------------------------------------------------------------

. regress dep_before ins_none_before smoke_before ins_medicaid_before

      Source |       SS           df       MS      Number of obs   =        32
-------------+----------------------------------   F(3, 28)        =     25.28
       Model |   725.44397         3  241.814657   Prob > F        =    0.0000
    Residual |  267.805717        28  9.56448989   R-squared       =    0.7304
-------------+----------------------------------   Adj R-squared   =    0.7015
       Total |  993.249688        31  32.0403125   Root MSE        =    3.0927

------------------------------------------------------------------------------
  dep_before | Coefficient  Std. err.      t    P>|t|     [95% conf. interval]
-------------+----------------------------------------------------------------
ins_none_b~e |    -.24318   .1465273    -1.66   0.108    -.5433275    .0569675
smoke_before |   .9408599   .1364245     6.90   0.000     .6614069    1.220313
ins_medica~e |  -.2558154   .0543365    -4.71   0.000    -.3671187   -.1445122
       _cons |   17.04049   2.691279     6.33   0.000     11.52765    22.55332
------------------------------------------------------------------------------

. use "/Users/ericbooth/Library/CloudStorage/GoogleDrive-eric.booth@texas2036.o
> rg/My Drive/BookExamples/edc-3.0-texas/analytic_performance.dta", clear

. count
  175,704

. summarize proficientorabove_percent year

    Variable |        Obs        Mean    Std. dev.       Min        Max
-------------+---------------------------------------------------------
proficient~t |    171,685    .5473447    .2340199          0          1
        year |    175,704    2018.554    4.167099       2012       2025

. isid panel_id year

. xtset panel_id year

Panel variable: panel_id (unbalanced)
 Time variable: year, 2012 to 2025, but with gaps
         Delta: 1 unit

. foreach sub in ela math {
  2.     xtreg proficientorabove_percent redesign if subject == "`sub'" & inran
> ge(year, 2021, 2024), fe vce(cluster stateassignedschid)
  3.     display "CHECK `sub' 2021-2024 pp = " 100*_b[redesign]
  4.     xtreg proficientorabove_percent redesign if subject == "`sub'" & inran
> ge(year, 2018, 2024), fe vce(cluster stateassignedschid)
  5.     display "CHECK `sub' 2018-2024 pp = " 100*_b[redesign]
  6. }

Fixed-effects (within) regression               Number of obs     =     27,653
Group variable: panel_id                        Number of groups  =      7,349

R-squared:                                      Obs per group:
     Within  = 0.0345                                         min =          1
     Between = 0.0073                                         avg =        3.8
     Overall = 0.0101                                         max =          4

                                                F(1, 6803)        =     900.69
corr(u_i, Xb) = 0.0068                          Prob > F          =     0.0000

                 (Std. err. adjusted for 6,804 clusters in stateassignedschid)
------------------------------------------------------------------------------
             |               Robust
proficient~t | Coefficient  std. err.      t    P>|t|     [95% conf. interval]
-------------+----------------------------------------------------------------
    redesign |   .0365731   .0012186    30.01   0.000     .0341842    .0389621
       _cons |   .4501058    .000617   729.55   0.000     .4488964    .4513153
-------------+----------------------------------------------------------------
     sigma_u |  .17082608
     sigma_e |  .11107547
         rho |  .70284282   (fraction of variance due to u_i)
------------------------------------------------------------------------------
CHECK ela 2021-2024 pp = 3.6573144

Fixed-effects (within) regression               Number of obs     =     40,941
Group variable: panel_id                        Number of groups  =      7,589

R-squared:                                      Obs per group:
     Within  = 0.0347                                         min =          1
     Between = 0.0161                                         avg =        5.4
     Overall = 0.0123                                         max =          6

                                                F(1, 7015)        =    1138.72
corr(u_i, Xb) = 0.0145                          Prob > F          =     0.0000

                 (Std. err. adjusted for 7,016 clusters in stateassignedschid)
------------------------------------------------------------------------------
             |               Robust
proficient~t | Coefficient  std. err.      t    P>|t|     [95% conf. interval]
-------------+----------------------------------------------------------------
    redesign |   .0388688   .0011518    33.74   0.000     .0366108    .0411267
       _cons |   .4457018   .0003939  1131.57   0.000     .4449297    .4464739
-------------+----------------------------------------------------------------
     sigma_u |  .16618408
     sigma_e |  .10527932
         rho |  .71360512   (fraction of variance due to u_i)
------------------------------------------------------------------------------
CHECK ela 2018-2024 pp = 3.8868764

Fixed-effects (within) regression               Number of obs     =     27,263
Group variable: panel_id                        Number of groups  =      7,267

R-squared:                                      Obs per group:
     Within  = 0.1174                                         min =          1
     Between = 0.0013                                         avg =        3.8
     Overall = 0.0277                                         max =          4

                                                F(1, 6727)        =    2145.89
corr(u_i, Xb) = -0.0012                         Prob > F          =     0.0000

                 (Std. err. adjusted for 6,728 clusters in stateassignedschid)
------------------------------------------------------------------------------
             |               Robust
proficient~t | Coefficient  std. err.      t    P>|t|     [95% conf. interval]
-------------+----------------------------------------------------------------
    redesign |   .0691678   .0014931    46.32   0.000     .0662408    .0720948
       _cons |   .3544514   .0007541   470.03   0.000     .3529731    .3559297
-------------+----------------------------------------------------------------
     sigma_u |  .18617332
     sigma_e |  .10885797
         rho |  .74521793   (fraction of variance due to u_i)
------------------------------------------------------------------------------
CHECK math 2021-2024 pp = 6.9167805

Fixed-effects (within) regression               Number of obs     =     40,444
Group variable: panel_id                        Number of groups  =      7,508

R-squared:                                      Obs per group:
     Within  = 0.0052                                         min =          1
     Between = 0.0001                                         avg =        5.4
     Overall = 0.0016                                         max =          6

                                                F(1, 6938)        =     154.29
corr(u_i, Xb) = -0.0011                         Prob > F          =     0.0000

                 (Std. err. adjusted for 6,939 clusters in stateassignedschid)
------------------------------------------------------------------------------
             |               Robust
proficient~t | Coefficient  std. err.      t    P>|t|     [95% conf. interval]
-------------+----------------------------------------------------------------
    redesign |   .0176251   .0014189    12.42   0.000     .0148436    .0204067
       _cons |   .4060315   .0004831   840.51   0.000     .4050846    .4069785
-------------+----------------------------------------------------------------
     sigma_u |  .17953477
     sigma_e |  .12522912
         rho |   .6727056   (fraction of variance due to u_i)
------------------------------------------------------------------------------
CHECK math 2018-2024 pp = 1.7625149

. display "APPENDIX VERIFICATION COMPLETE"
APPENDIX VERIFICATION COMPLETE

. 
end of do-file
